<?xml version="1.0" encoding="UTF-8"?><SOAP-ENV:Envelope xmlns:SOAP-ENV="http://schemas.xmlsoap.org/soap/envelope/" xmlns:ns1="urn:core_2010_2.platform.webservices.netsuite.com" xmlns:ns0="urn:messages_2010_2.platform.webservices.netsuite.com"><SOAP-ENV:Header/></SOAP-ENV:Envelope>